b120ec80-49ab-37fe-a67a-0fc988a30950 &lt;boer.amin@example.org&gt;