<p>Nam quae temporibus et molestiae voluptatibus enim.<ul></p>
  <li><div class="related-record"><p>Cupiditate iure voluptatem aspernatur.</p>
</div></li>
</ul>
