<p>Nam quae temporibus et molestiae voluptatibus enim.<h1>Ontvangers</h1></p>
<p>Gegevens worden verstrekt aan onderstaande 'ontvangers'.</p>
<ul>
<li><span class="related-record"><p>Doloribus eum qui fugit hic voluptas aliquam id.</p>
</span></li>
</ul>
