<p>Nam quae temporibus et molestiae voluptatibus enim.</p>
