<p>Nam quae temporibus et molestiae voluptatibus enim.<ul></p>
  <li>geen</li>
</ul>
