900666e5-dfea-38a1-b2dd-be62782ed1a7 (emir45@example.net)
