# 8a354023-7c12-3555-92bf-3895cf6c5704

Hier vindt u een beschrijving van gegevensverwerking _8a354023-7c12-3555-92bf-3895cf6c5704_ in het kader van de Algemene Verordening Gegevensbescherming (AVG), met als doelen:


# Automatische besluitvorming
Er is <u>wel</u> sprake van besluitvorming over persoonsgegevens op basis van automatisch verwerkte gegevens.


# Doorgifte buiten EER
Er is <u>geen</u> sprake van doorgifte van persoonsgegevens aan één of meer landen buiten de Europese Economische Ruimte (EER) of aan een internationale organisatie.

<!--- #App\Models\Responsible# --->
