Commodi aliquam autem mollitia ad numquam omnis maiores accusantium.
