## Naam verwerking

- **Nummer verwerking**: 7cb7c7db-6e97-3391-8153-477df1e8fde8
- **Import nummer**: 
- **Naam verwerking**: laboriosam
- **Primair / Secundair**: Secundair
- **AVG Verantwoordelijke Dienst**: In modi dolore aspernatur nobis ullam magni minus ipsum.
- **Labels**: -
- **Periodieke review**: 21-07-2001
- **Hoofdverwerking**: -

## Verwerkingsverantwoordelijke

<!--- #App\Models\Responsible# --->

- **Verdeling verantwoordelijkheid**: Et dicta illo suscipit sint sunt accusamus.

## Verwerker

<!--- #App\Models\Processor# --->

## Ontvanger

<!--- #App\Models\Receiver# --->

## Doel &amp; Grondslag

- Geen

## Betrokkenen en gegevens

- Geen

## Besluitvorming

- **Geautomatiseerde besluitvorming**: nee
- **Toelichting besluitvorming**: -
- **Toelichting belang en gevolgen**: -

## Systemen / Applicaties

<!--- #App\Models\System# --->

## Beveiliging

- **Heeft beveiliging**: ja
- **Maatregelen**
  - **Vastgesteld beveiligingsbeleid dat ook is ge√Ømplementeerd**: nee
  - **Overige maatregelen**: nee
  - **Toelichting maatregelen**: -
- **Gebruikt u pseudonimisering**: ja
  - **Pseudonimisering**: Aut porro et nulla.

## Doorgifte

- **Doorgifte buiten EER**: nee
- **Landen**: - 
- **Adequate bescherming buiten de EER**: nee
- **Toelichting adequate bescherming**: -
- **Toelichting doorgifte**: -

## GEB (DPIA)

- **GEB (DPIA) uitgevoerd**: ja

## Contactpersoon


<!--- #App\Models\ContactPerson# --->

## Documenten &amp; Bijlagen

- Geen

## Opmerkingen

- Geen

## Publiceren

- **Publiceer vanaf**: 24-05-2012 02:00
