### Verantwoordelijke

45e7bdb1-6c59-3090-81c1-144012593ece

**Bezoekadres**<br>
de Pruyssenaere de la Woestijnedreef 61i<br>
2623HS De Groeve<br>
KaapverdiÃ«<br>

**Postadres**<br>
Postbus van de Waterring 86<br>
2332KV Beek en Donk<br>
India<br>
