- **Functie**: 45e7bdb1-6c59-3090-81c1-144012593ece
