## Naam verwerking

- **Nummer verwerking**: AVGR6018277448
- **Import nummer**: 52333
- **Naam verwerking**: blanditiis
- **Primair / Secundair**: Secundair
- **AVG Verantwoordelijke Dienst**: Reiciendis rerum voluptas consequatur est animi.
- **Labels**: -
- **Periodieke review**: 05-02-2024
- **Hoofdverwerking**: -

## Verwerkingsverantwoordelijke

<!--- #App\Models\Responsible# --->

- **Verdeling verantwoordelijkheid**: Optio doloribus culpa aspernatur.

## Verwerker

<!--- #App\Models\Processor# --->

## Ontvanger

<!--- #App\Models\Receiver# --->

## Doel &amp; Grondslag

- **Doel**: Quos non maiores non.
  - **AVG Rechtsgronden**: Toestemming betrokkene
  - **Toelichting bij gekozen rechtsgrond**: -

## Betrokkenen en gegevens

- Geen

## Besluitvorming

- **Geautomatiseerde besluitvorming**: ja
- **Toelichting besluitvorming**: Voluptatem voluptatem quis unde accusamus iusto corporis.
- **Toelichting belang en gevolgen**: Ab dicta deleniti pariatur perferendis sed fugit magnam qui.

## Systemen / Applicaties

<!--- #App\Models\System# --->

## Beveiliging

- **Heeft beveiliging**: ja
- **Maatregelen**
  - **Vastgesteld beveiligingsbeleid dat ook is ge√Ømplementeerd**: nee
  - **Overige maatregelen**: nee
  - **Toelichting maatregelen**: -
- **Gebruikt u pseudonimisering**: ja
  - **Pseudonimisering**: Distinctio dolor minus unde illo itaque dolorem expedita.

## Doorgifte

- **Doorgifte buiten EER**: ja
- **Landen**: - 
- **Adequate bescherming buiten de EER**: nee
- **Toelichting adequate bescherming**: Quaerat consectetur repellat iure aut.
- **Toelichting doorgifte**: -

## GEB (DPIA)

- **GEB (DPIA) uitgevoerd**: nee
- **Systematische en uitgebreide beoordeling van persoonlijke aspecten**: ja

## Contactpersoon


<!--- #App\Models\ContactPerson# --->

## Documenten &amp; Bijlagen

- Geen

## Opmerkingen

- Geen

## Publiceren

- **Publiceer vanaf**: 05-02-2024 01:00
