{
    "title": "blanditiis",
    "type": "processing-record",
    "record": {
        "reference": "AVGR6018277448",
        "title": "blanditiis",
        "description": "Quos non maiores non."
    }
}