# 2f341f1c-9e52-330b-a19c-f73db7c85681

- Velit eius itaque distinctio tempore. Quam commodi a minus cumque placeat voluptatem impedit et.
