# e8ef4656-8534-31f7-b4d0-7852660f5c49

Hier vindt u een beschrijving van gegevensverwerking _e8ef4656-8534-31f7-b4d0-7852660f5c49_ in het kader van de Algemene Verordening Gegevensbescherming (AVG), met als doelen:



# Automatische besluitvorming
Er is <u>wel</u> sprake van besluitvorming over persoonsgegevens op basis van automatisch verwerkte gegevens.

<!--- #App\Models\Receiver# --->

# Doorgifte buiten EER
Er is <u>geen</u> sprake van doorgifte van persoonsgegevens aan één of meer landen buiten de Europese Economische Ruimte (EER) of aan een internationale organisatie.

<!--- #App\Models\Responsible# --->
